<?xml version="1.0" encoding="ISO-8859-1" ?>
<link_info>
   <banner>TI ARM Linker PC v18.1.3.LTS</banner>
   <copyright>Copyright (c) 1996-2017 Texas Instruments Incorporated</copyright>
   <link_time>0x5b9817c6</link_time>
   <link_errors>0x0</link_errors>
   <output_file>Tiva_c_sensor.out</output_file>
   <entry_point>
      <name>_c_int00_noargs</name>
      <address>0x3021</address>
   </entry_point>
   <input_file_list>
      <input_file id="fl-2">
         <path>.\APP\</path>
         <kind>object</kind>
         <file>Ecum.obj</file>
         <name>Ecum.obj</name>
      </input_file>
      <input_file id="fl-3">
         <path>.\APP\</path>
         <kind>object</kind>
         <file>Light_sensor.obj</file>
         <name>Light_sensor.obj</name>
      </input_file>
      <input_file id="fl-4">
         <path>.\BSW\driverlib\</path>
         <kind>object</kind>
         <file>adc.obj</file>
         <name>adc.obj</name>
      </input_file>
      <input_file id="fl-5">
         <path>.\BSW\driverlib\</path>
         <kind>object</kind>
         <file>can.obj</file>
         <name>can.obj</name>
      </input_file>
      <input_file id="fl-6">
         <path>.\BSW\driverlib\</path>
         <kind>object</kind>
         <file>comp.obj</file>
         <name>comp.obj</name>
      </input_file>
      <input_file id="fl-7">
         <path>.\BSW\driverlib\</path>
         <kind>object</kind>
         <file>cpu.obj</file>
         <name>cpu.obj</name>
      </input_file>
      <input_file id="fl-8">
         <path>.\BSW\driverlib\</path>
         <kind>object</kind>
         <file>eeprom.obj</file>
         <name>eeprom.obj</name>
      </input_file>
      <input_file id="fl-9">
         <path>.\BSW\driverlib\</path>
         <kind>object</kind>
         <file>flash.obj</file>
         <name>flash.obj</name>
      </input_file>
      <input_file id="fl-a">
         <path>.\BSW\driverlib\</path>
         <kind>object</kind>
         <file>fpu.obj</file>
         <name>fpu.obj</name>
      </input_file>
      <input_file id="fl-b">
         <path>.\BSW\driverlib\</path>
         <kind>object</kind>
         <file>gpio.obj</file>
         <name>gpio.obj</name>
      </input_file>
      <input_file id="fl-c">
         <path>.\BSW\driverlib\</path>
         <kind>object</kind>
         <file>hibernate.obj</file>
         <name>hibernate.obj</name>
      </input_file>
      <input_file id="fl-d">
         <path>.\BSW\driverlib\</path>
         <kind>object</kind>
         <file>i2c.obj</file>
         <name>i2c.obj</name>
      </input_file>
      <input_file id="fl-e">
         <path>.\BSW\driverlib\</path>
         <kind>object</kind>
         <file>interrupt.obj</file>
         <name>interrupt.obj</name>
      </input_file>
      <input_file id="fl-f">
         <path>.\BSW\driverlib\</path>
         <kind>object</kind>
         <file>mpu.obj</file>
         <name>mpu.obj</name>
      </input_file>
      <input_file id="fl-10">
         <path>.\BSW\driverlib\</path>
         <kind>object</kind>
         <file>pwm.obj</file>
         <name>pwm.obj</name>
      </input_file>
      <input_file id="fl-11">
         <path>.\BSW\driverlib\</path>
         <kind>object</kind>
         <file>qei.obj</file>
         <name>qei.obj</name>
      </input_file>
      <input_file id="fl-12">
         <path>.\BSW\driverlib\</path>
         <kind>object</kind>
         <file>ssi.obj</file>
         <name>ssi.obj</name>
      </input_file>
      <input_file id="fl-13">
         <path>.\BSW\driverlib\</path>
         <kind>object</kind>
         <file>sw_crc.obj</file>
         <name>sw_crc.obj</name>
      </input_file>
      <input_file id="fl-14">
         <path>.\BSW\driverlib\</path>
         <kind>object</kind>
         <file>sysctl.obj</file>
         <name>sysctl.obj</name>
      </input_file>
      <input_file id="fl-15">
         <path>.\BSW\driverlib\</path>
         <kind>object</kind>
         <file>sysexc.obj</file>
         <name>sysexc.obj</name>
      </input_file>
      <input_file id="fl-16">
         <path>.\BSW\driverlib\</path>
         <kind>object</kind>
         <file>systick.obj</file>
         <name>systick.obj</name>
      </input_file>
      <input_file id="fl-17">
         <path>.\BSW\driverlib\</path>
         <kind>object</kind>
         <file>timer.obj</file>
         <name>timer.obj</name>
      </input_file>
      <input_file id="fl-18">
         <path>.\BSW\driverlib\</path>
         <kind>object</kind>
         <file>uart.obj</file>
         <name>uart.obj</name>
      </input_file>
      <input_file id="fl-19">
         <path>.\BSW\driverlib\</path>
         <kind>object</kind>
         <file>udma.obj</file>
         <name>udma.obj</name>
      </input_file>
      <input_file id="fl-1a">
         <path>.\BSW\driverlib\</path>
         <kind>object</kind>
         <file>usb.obj</file>
         <name>usb.obj</name>
      </input_file>
      <input_file id="fl-1b">
         <path>.\BSW\driverlib\</path>
         <kind>object</kind>
         <file>watchdog.obj</file>
         <name>watchdog.obj</name>
      </input_file>
      <input_file id="fl-1c">
         <path>.\BSW\sensorlib\</path>
         <kind>object</kind>
         <file>ak8963.obj</file>
         <name>ak8963.obj</name>
      </input_file>
      <input_file id="fl-1d">
         <path>.\BSW\sensorlib\</path>
         <kind>object</kind>
         <file>ak8975.obj</file>
         <name>ak8975.obj</name>
      </input_file>
      <input_file id="fl-1e">
         <path>.\BSW\sensorlib\</path>
         <kind>object</kind>
         <file>bmp180.obj</file>
         <name>bmp180.obj</name>
      </input_file>
      <input_file id="fl-1f">
         <path>.\BSW\sensorlib\</path>
         <kind>object</kind>
         <file>cm3218.obj</file>
         <name>cm3218.obj</name>
      </input_file>
      <input_file id="fl-20">
         <path>.\BSW\sensorlib\</path>
         <kind>object</kind>
         <file>comp_dcm.obj</file>
         <name>comp_dcm.obj</name>
      </input_file>
      <input_file id="fl-21">
         <path>.\BSW\sensorlib\</path>
         <kind>object</kind>
         <file>i2cm_drv.obj</file>
         <name>i2cm_drv.obj</name>
      </input_file>
      <input_file id="fl-22">
         <path>.\BSW\sensorlib\</path>
         <kind>object</kind>
         <file>isl29023.obj</file>
         <name>isl29023.obj</name>
      </input_file>
      <input_file id="fl-23">
         <path>.\BSW\sensorlib\</path>
         <kind>object</kind>
         <file>kxti9.obj</file>
         <name>kxti9.obj</name>
      </input_file>
      <input_file id="fl-24">
         <path>.\BSW\sensorlib\</path>
         <kind>object</kind>
         <file>l3gd20h.obj</file>
         <name>l3gd20h.obj</name>
      </input_file>
      <input_file id="fl-25">
         <path>.\BSW\sensorlib\</path>
         <kind>object</kind>
         <file>lsm303d.obj</file>
         <name>lsm303d.obj</name>
      </input_file>
      <input_file id="fl-26">
         <path>.\BSW\sensorlib\</path>
         <kind>object</kind>
         <file>lsm303dlhc_accel.obj</file>
         <name>lsm303dlhc_accel.obj</name>
      </input_file>
      <input_file id="fl-27">
         <path>.\BSW\sensorlib\</path>
         <kind>object</kind>
         <file>lsm303dlhc_mag.obj</file>
         <name>lsm303dlhc_mag.obj</name>
      </input_file>
      <input_file id="fl-28">
         <path>.\BSW\sensorlib\</path>
         <kind>object</kind>
         <file>magneto.obj</file>
         <name>magneto.obj</name>
      </input_file>
      <input_file id="fl-29">
         <path>.\BSW\sensorlib\</path>
         <kind>object</kind>
         <file>mpu6050.obj</file>
         <name>mpu6050.obj</name>
      </input_file>
      <input_file id="fl-2a">
         <path>.\BSW\sensorlib\</path>
         <kind>object</kind>
         <file>mpu9150.obj</file>
         <name>mpu9150.obj</name>
      </input_file>
      <input_file id="fl-2b">
         <path>.\BSW\sensorlib\</path>
         <kind>object</kind>
         <file>quaternion.obj</file>
         <name>quaternion.obj</name>
      </input_file>
      <input_file id="fl-2c">
         <path>.\BSW\sensorlib\</path>
         <kind>object</kind>
         <file>sht21.obj</file>
         <name>sht21.obj</name>
      </input_file>
      <input_file id="fl-2d">
         <path>.\BSW\sensorlib\</path>
         <kind>object</kind>
         <file>tmp006.obj</file>
         <name>tmp006.obj</name>
      </input_file>
      <input_file id="fl-2e">
         <path>.\BSW\sensorlib\</path>
         <kind>object</kind>
         <file>vector.obj</file>
         <name>vector.obj</name>
      </input_file>
      <input_file id="fl-2f">
         <path>.\BSW\</path>
         <kind>object</kind>
         <file>startup_ccs.obj</file>
         <name>startup_ccs.obj</name>
      </input_file>
      <input_file id="fl-30">
         <path>.\BSW\utils\</path>
         <kind>object</kind>
         <file>cmdline.obj</file>
         <name>cmdline.obj</name>
      </input_file>
      <input_file id="fl-31">
         <path>.\BSW\utils\</path>
         <kind>object</kind>
         <file>cpu_usage.obj</file>
         <name>cpu_usage.obj</name>
      </input_file>
      <input_file id="fl-32">
         <path>.\BSW\utils\</path>
         <kind>object</kind>
         <file>flash_pb.obj</file>
         <name>flash_pb.obj</name>
      </input_file>
      <input_file id="fl-33">
         <path>.\BSW\utils\</path>
         <kind>object</kind>
         <file>isqrt.obj</file>
         <name>isqrt.obj</name>
      </input_file>
      <input_file id="fl-34">
         <path>.\BSW\utils\</path>
         <kind>object</kind>
         <file>random.obj</file>
         <name>random.obj</name>
      </input_file>
      <input_file id="fl-35">
         <path>.\BSW\utils\</path>
         <kind>object</kind>
         <file>ringbuf.obj</file>
         <name>ringbuf.obj</name>
      </input_file>
      <input_file id="fl-36">
         <path>.\BSW\utils\</path>
         <kind>object</kind>
         <file>scheduler.obj</file>
         <name>scheduler.obj</name>
      </input_file>
      <input_file id="fl-37">
         <path>.\BSW\utils\</path>
         <kind>object</kind>
         <file>sine.obj</file>
         <name>sine.obj</name>
      </input_file>
      <input_file id="fl-38">
         <path>.\BSW\utils\</path>
         <kind>object</kind>
         <file>softi2c.obj</file>
         <name>softi2c.obj</name>
      </input_file>
      <input_file id="fl-39">
         <path>.\BSW\utils\</path>
         <kind>object</kind>
         <file>softssi.obj</file>
         <name>softssi.obj</name>
      </input_file>
      <input_file id="fl-3a">
         <path>.\BSW\utils\</path>
         <kind>object</kind>
         <file>softuart.obj</file>
         <name>softuart.obj</name>
      </input_file>
      <input_file id="fl-3b">
         <path>.\BSW\utils\</path>
         <kind>object</kind>
         <file>uartstdio.obj</file>
         <name>uartstdio.obj</name>
      </input_file>
      <input_file id="fl-3c">
         <path>.\BSW\utils\</path>
         <kind>object</kind>
         <file>ustdlib.obj</file>
         <name>ustdlib.obj</name>
      </input_file>
      <input_file id="fl-42">
         <kind>object</kind>
         <file>&lt;internal&gt;</file>
         <name>&lt;internal&gt;</name>
      </input_file>
      <input_file id="fl-f8">
         <path>C:\ti\ccsv8\tools\compiler\ti-cgt-arm_18.1.3.LTS\lib\</path>
         <kind>archive</kind>
         <file>rtsv7M4_T_le_v4SPD16_eabi.lib</file>
         <name>e_acosf.c.obj</name>
      </input_file>
      <input_file id="fl-f9">
         <path>C:\ti\ccsv8\tools\compiler\ti-cgt-arm_18.1.3.LTS\lib\</path>
         <kind>archive</kind>
         <file>rtsv7M4_T_le_v4SPD16_eabi.lib</file>
         <name>e_asinf.c.obj</name>
      </input_file>
      <input_file id="fl-fa">
         <path>C:\ti\ccsv8\tools\compiler\ti-cgt-arm_18.1.3.LTS\lib\</path>
         <kind>archive</kind>
         <file>rtsv7M4_T_le_v4SPD16_eabi.lib</file>
         <name>e_atan2f.c.obj</name>
      </input_file>
      <input_file id="fl-fb">
         <path>C:\ti\ccsv8\tools\compiler\ti-cgt-arm_18.1.3.LTS\lib\</path>
         <kind>archive</kind>
         <file>rtsv7M4_T_le_v4SPD16_eabi.lib</file>
         <name>e_sqrtf.c.obj</name>
      </input_file>
      <input_file id="fl-fc">
         <path>C:\ti\ccsv8\tools\compiler\ti-cgt-arm_18.1.3.LTS\lib\</path>
         <kind>archive</kind>
         <file>rtsv7M4_T_le_v4SPD16_eabi.lib</file>
         <name>s_atanf.c.obj</name>
      </input_file>
      <input_file id="fl-fd">
         <path>C:\ti\ccsv8\tools\compiler\ti-cgt-arm_18.1.3.LTS\lib\</path>
         <kind>archive</kind>
         <file>rtsv7M4_T_le_v4SPD16_eabi.lib</file>
         <name>s_cosf.c.obj</name>
      </input_file>
      <input_file id="fl-fe">
         <path>C:\ti\ccsv8\tools\compiler\ti-cgt-arm_18.1.3.LTS\lib\</path>
         <kind>archive</kind>
         <file>rtsv7M4_T_le_v4SPD16_eabi.lib</file>
         <name>s_sinf.c.obj</name>
      </input_file>
      <input_file id="fl-ff">
         <path>C:\ti\ccsv8\tools\compiler\ti-cgt-arm_18.1.3.LTS\lib\</path>
         <kind>archive</kind>
         <file>rtsv7M4_T_le_v4SPD16_eabi.lib</file>
         <name>memset_t2.asm.obj</name>
      </input_file>
      <input_file id="fl-100">
         <path>C:\ti\ccsv8\tools\compiler\ti-cgt-arm_18.1.3.LTS\lib\</path>
         <kind>archive</kind>
         <file>rtsv7M4_T_le_v4SPD16_eabi.lib</file>
         <name>u_divt2.asm.obj</name>
      </input_file>
      <input_file id="fl-101">
         <path>C:\ti\ccsv8\tools\compiler\ti-cgt-arm_18.1.3.LTS\lib\</path>
         <kind>archive</kind>
         <file>rtsv7M4_T_le_v4SPD16_eabi.lib</file>
         <name>fd_add_t2.asm.obj</name>
      </input_file>
      <input_file id="fl-102">
         <path>C:\ti\ccsv8\tools\compiler\ti-cgt-arm_18.1.3.LTS\lib\</path>
         <kind>archive</kind>
         <file>rtsv7M4_T_le_v4SPD16_eabi.lib</file>
         <name>fd_div_t2.asm.obj</name>
      </input_file>
      <input_file id="fl-103">
         <path>C:\ti\ccsv8\tools\compiler\ti-cgt-arm_18.1.3.LTS\lib\</path>
         <kind>archive</kind>
         <file>rtsv7M4_T_le_v4SPD16_eabi.lib</file>
         <name>fd_mul_t2.asm.obj</name>
      </input_file>
      <input_file id="fl-104">
         <path>C:\ti\ccsv8\tools\compiler\ti-cgt-arm_18.1.3.LTS\lib\</path>
         <kind>archive</kind>
         <file>rtsv7M4_T_le_v4SPD16_eabi.lib</file>
         <name>fd_tos_t2.asm.obj</name>
      </input_file>
      <input_file id="fl-105">
         <path>C:\ti\ccsv8\tools\compiler\ti-cgt-arm_18.1.3.LTS\lib\</path>
         <kind>archive</kind>
         <file>rtsv7M4_T_le_v4SPD16_eabi.lib</file>
         <name>fs_tod_t2.asm.obj</name>
      </input_file>
      <input_file id="fl-106">
         <path>C:\ti\ccsv8\tools\compiler\ti-cgt-arm_18.1.3.LTS\lib\</path>
         <kind>archive</kind>
         <file>rtsv7M4_T_le_v4SPD16_eabi.lib</file>
         <name>copy_zero_init.c.obj</name>
      </input_file>
      <input_file id="fl-107">
         <path>C:\ti\ccsv8\tools\compiler\ti-cgt-arm_18.1.3.LTS\lib\</path>
         <kind>archive</kind>
         <file>rtsv7M4_T_le_v4SPD16_eabi.lib</file>
         <name>copy_decompress_none.c.obj</name>
      </input_file>
      <input_file id="fl-108">
         <path>C:\ti\ccsv8\tools\compiler\ti-cgt-arm_18.1.3.LTS\lib\</path>
         <kind>archive</kind>
         <file>rtsv7M4_T_le_v4SPD16_eabi.lib</file>
         <name>copy_decompress_lzss.c.obj</name>
      </input_file>
      <input_file id="fl-109">
         <path>C:\ti\ccsv8\tools\compiler\ti-cgt-arm_18.1.3.LTS\lib\</path>
         <kind>archive</kind>
         <file>rtsv7M4_T_le_v4SPD16_eabi.lib</file>
         <name>strcmp.c.obj</name>
      </input_file>
      <input_file id="fl-10a">
         <path>C:\ti\ccsv8\tools\compiler\ti-cgt-arm_18.1.3.LTS\lib\</path>
         <kind>archive</kind>
         <file>rtsv7M4_T_le_v4SPD16_eabi.lib</file>
         <name>errno.c.obj</name>
      </input_file>
      <input_file id="fl-10b">
         <path>C:\ti\ccsv8\tools\compiler\ti-cgt-arm_18.1.3.LTS\lib\</path>
         <kind>archive</kind>
         <file>rtsv7M4_T_le_v4SPD16_eabi.lib</file>
         <name>boot_cortex_m.c.obj</name>
      </input_file>
      <input_file id="fl-10c">
         <path>C:\ti\ccsv8\tools\compiler\ti-cgt-arm_18.1.3.LTS\lib\</path>
         <kind>archive</kind>
         <file>rtsv7M4_T_le_v4SPD16_eabi.lib</file>
         <name>e_sqrt.c.obj</name>
      </input_file>
      <input_file id="fl-10d">
         <path>C:\ti\ccsv8\tools\compiler\ti-cgt-arm_18.1.3.LTS\lib\</path>
         <kind>archive</kind>
         <file>rtsv7M4_T_le_v4SPD16_eabi.lib</file>
         <name>div0.asm.obj</name>
      </input_file>
      <input_file id="fl-10e">
         <path>C:\ti\ccsv8\tools\compiler\ti-cgt-arm_18.1.3.LTS\lib\</path>
         <kind>archive</kind>
         <file>rtsv7M4_T_le_v4SPD16_eabi.lib</file>
         <name>memcpy_t2.asm.obj</name>
      </input_file>
      <input_file id="fl-10f">
         <path>C:\ti\ccsv8\tools\compiler\ti-cgt-arm_18.1.3.LTS\lib\</path>
         <kind>archive</kind>
         <file>rtsv7M4_T_le_v4SPD16_eabi.lib</file>
         <name>autoinit.c.obj</name>
      </input_file>
      <input_file id="fl-110">
         <path>C:\ti\ccsv8\tools\compiler\ti-cgt-arm_18.1.3.LTS\lib\</path>
         <kind>archive</kind>
         <file>rtsv7M4_T_le_v4SPD16_eabi.lib</file>
         <name>pre_init.c.obj</name>
      </input_file>
      <input_file id="fl-111">
         <path>C:\ti\ccsv8\tools\compiler\ti-cgt-arm_18.1.3.LTS\lib\</path>
         <kind>archive</kind>
         <file>rtsv7M4_T_le_v4SPD16_eabi.lib</file>
         <name>cpy_tbl.c.obj</name>
      </input_file>
      <input_file id="fl-112">
         <path>C:\ti\ccsv8\tools\compiler\ti-cgt-arm_18.1.3.LTS\lib\</path>
         <kind>archive</kind>
         <file>rtsv7M4_T_le_v4SPD16_eabi.lib</file>
         <name>exit.c.obj</name>
      </input_file>
      <input_file id="fl-113">
         <path>C:\ti\ccsv8\tools\compiler\ti-cgt-arm_18.1.3.LTS\lib\</path>
         <kind>archive</kind>
         <file>rtsv7M4_T_le_v4SPD16_eabi.lib</file>
         <name>_lock.c.obj</name>
      </input_file>
      <input_file id="fl-114">
         <path>C:\ti\ccsv8\tools\compiler\ti-cgt-arm_18.1.3.LTS\lib\</path>
         <kind>archive</kind>
         <file>rtsv7M4_T_le_v4SPD16_eabi.lib</file>
         <name>args_main.c.obj</name>
      </input_file>
   </input_file_list>
   <object_component_list>
      <object_component id="oc-f">
         <name>.intvecs</name>
         <load_address>0x0</load_address>
         <run_address>0x0</run_address>
         <size>0x26c</size>
         <input_file_ref idref="fl-2f"/>
      </object_component>
      <object_component id="oc-71">
         <name>.text</name>
         <load_address>0x26c</load_address>
         <run_address>0x26c</run_address>
         <size>0xbf0</size>
         <input_file_ref idref="fl-21"/>
      </object_component>
      <object_component id="oc-90">
         <name>.text</name>
         <load_address>0xe5c</load_address>
         <run_address>0xe5c</run_address>
         <size>0x940</size>
         <input_file_ref idref="fl-b"/>
      </object_component>
      <object_component id="oc-83">
         <name>.text</name>
         <load_address>0x179c</load_address>
         <run_address>0x179c</run_address>
         <size>0x8c0</size>
         <input_file_ref idref="fl-14"/>
      </object_component>
      <object_component id="oc-e3">
         <name>.text</name>
         <load_address>0x205c</load_address>
         <run_address>0x205c</run_address>
         <size>0x4f2</size>
         <input_file_ref idref="fl-d"/>
      </object_component>
      <object_component id="oc-7d">
         <name>.text</name>
         <load_address>0x2550</load_address>
         <run_address>0x2550</run_address>
         <size>0x3c0</size>
         <input_file_ref idref="fl-e"/>
      </object_component>
      <object_component id="oc-8a">
         <name>.text</name>
         <load_address>0x2910</load_address>
         <run_address>0x2910</run_address>
         <size>0x3b4</size>
         <input_file_ref idref="fl-22"/>
      </object_component>
      <object_component id="oc-2a">
         <name>.text</name>
         <load_address>0x2cc4</load_address>
         <run_address>0x2cc4</run_address>
         <size>0x170</size>
         <input_file_ref idref="fl-3"/>
      </object_component>
      <object_component id="oc-3e">
         <name>.text</name>
         <load_address>0x2e34</load_address>
         <run_address>0x2e34</run_address>
         <size>0x9c</size>
         <input_file_ref idref="fl-10e"/>
      </object_component>
      <object_component id="oc-12">
         <name>.text:decompress:lzss:__TI_decompress_lzss</name>
         <load_address>0x2ed0</load_address>
         <run_address>0x2ed0</run_address>
         <size>0x68</size>
         <input_file_ref idref="fl-108"/>
      </object_component>
      <object_component id="oc-77">
         <name>.text</name>
         <load_address>0x2f38</load_address>
         <run_address>0x2f38</run_address>
         <size>0x64</size>
         <input_file_ref idref="fl-2"/>
      </object_component>
      <object_component id="oc-167">
         <name>.text:__TI_auto_init_nobinit_nopinit:__TI_auto_init_nobinit_nopinit</name>
         <load_address>0x2f9c</load_address>
         <run_address>0x2f9c</run_address>
         <size>0x44</size>
         <input_file_ref idref="fl-10f"/>
      </object_component>
      <object_component id="oc-101">
         <name>.text</name>
         <load_address>0x2fe0</load_address>
         <run_address>0x2fe0</run_address>
         <size>0x3e</size>
         <input_file_ref idref="fl-7"/>
      </object_component>
      <object_component id="oc-5c">
         <name>.text:_c_int00_noargs:_c_int00_noargs</name>
         <load_address>0x3020</load_address>
         <run_address>0x3020</run_address>
         <size>0x38</size>
         <input_file_ref idref="fl-10b"/>
      </object_component>
      <object_component id="oc-f0">
         <name>.text:I2CMRead</name>
         <load_address>0x3058</load_address>
         <run_address>0x3058</run_address>
         <size>0x36</size>
         <input_file_ref idref="fl-3"/>
      </object_component>
      <object_component id="oc-e9">
         <name>.text:I2CMWrite</name>
         <load_address>0x308e</load_address>
         <run_address>0x308e</run_address>
         <size>0x36</size>
         <input_file_ref idref="fl-3"/>
      </object_component>
      <object_component id="oc-f7">
         <name>.text:I2CMWriteBatched</name>
         <load_address>0x30c4</load_address>
         <run_address>0x30c4</run_address>
         <size>0x36</size>
         <input_file_ref idref="fl-3"/>
      </object_component>
      <object_component id="oc-4a">
         <name>.text:decompress:ZI:__TI_zero_init_nomemset:__TI_zero_init_nomemset</name>
         <load_address>0x30fa</load_address>
         <run_address>0x30fa</run_address>
         <size>0x12</size>
         <input_file_ref idref="fl-106"/>
      </object_component>
      <object_component id="oc-18">
         <name>.text:decompress:none:__TI_decompress_none</name>
         <load_address>0x310c</load_address>
         <run_address>0x310c</run_address>
         <size>0xe</size>
         <input_file_ref idref="fl-107"/>
      </object_component>
      <object_component id="oc-24">
         <name>.text</name>
         <load_address>0x311a</load_address>
         <run_address>0x311a</run_address>
         <size>0xc</size>
         <input_file_ref idref="fl-2f"/>
      </object_component>
      <object_component id="oc-89">
         <name>.text:SysCtlDelay</name>
         <load_address>0x3126</load_address>
         <run_address>0x3126</run_address>
         <size>0x6</size>
         <input_file_ref idref="fl-14"/>
      </object_component>
      <object_component id="oc-d1">
         <name>.text:_system_pre_init</name>
         <load_address>0x312c</load_address>
         <run_address>0x312c</run_address>
         <size>0x4</size>
         <input_file_ref idref="fl-110"/>
      </object_component>
      <object_component id="oc-15b">
         <name>.text:abort:abort</name>
         <load_address>0x3130</load_address>
         <run_address>0x3130</run_address>
         <size>0x4</size>
         <input_file_ref idref="fl-112"/>
      </object_component>
      <object_component id="oc-12f">
         <name>.const:g_ppui32GPIOIntMapBlizzard</name>
         <load_address>0x3134</load_address>
         <run_address>0x3134</run_address>
         <size>0xc0</size>
         <input_file_ref idref="fl-b"/>
      </object_component>
      <object_component id="oc-10d">
         <name>.const:g_pui32Regs</name>
         <load_address>0x31f4</load_address>
         <run_address>0x31f4</run_address>
         <size>0x9c</size>
         <input_file_ref idref="fl-e"/>
      </object_component>
      <object_component id="oc-132">
         <name>.const:g_pui32GPIOBaseAddrs</name>
         <load_address>0x3290</load_address>
         <run_address>0x3290</run_address>
         <size>0x78</size>
         <input_file_ref idref="fl-b"/>
      </object_component>
      <object_component id="oc-11e">
         <name>.const:g_pui32Xtals</name>
         <load_address>0x3308</load_address>
         <run_address>0x3308</run_address>
         <size>0x6c</size>
         <input_file_ref idref="fl-14"/>
      </object_component>
      <object_component id="oc-199">
         <name>.const:g_ppui32I2CIntMap</name>
         <load_address>0x3374</load_address>
         <run_address>0x3374</run_address>
         <size>0x30</size>
         <input_file_ref idref="fl-d"/>
      </object_component>
      <object_component id="oc-10a">
         <name>.const:g_pui32Priority</name>
         <load_address>0x33a4</load_address>
         <run_address>0x33a4</run_address>
         <size>0x20</size>
         <input_file_ref idref="fl-e"/>
      </object_component>
      <object_component id="oc-113">
         <name>.const:g_pui32Dii16Regs</name>
         <load_address>0x33c4</load_address>
         <run_address>0x33c4</run_address>
         <size>0x14</size>
         <input_file_ref idref="fl-e"/>
      </object_component>
      <object_component id="oc-110">
         <name>.const:g_pui32EnRegs</name>
         <load_address>0x33d8</load_address>
         <run_address>0x33d8</run_address>
         <size>0x14</size>
         <input_file_ref idref="fl-e"/>
      </object_component>
      <object_component id="oc-116">
         <name>.const:g_pui32PendRegs</name>
         <load_address>0x33ec</load_address>
         <run_address>0x33ec</run_address>
         <size>0x14</size>
         <input_file_ref idref="fl-e"/>
      </object_component>
      <object_component id="oc-119">
         <name>.const:g_pui32UnpendRegs</name>
         <load_address>0x3400</load_address>
         <run_address>0x3400</run_address>
         <size>0x14</size>
         <input_file_ref idref="fl-e"/>
      </object_component>
      <object_component id="oc-12a">
         <name>.const:g_fBetaLookup</name>
         <load_address>0x3414</load_address>
         <run_address>0x3414</run_address>
         <size>0x10</size>
         <input_file_ref idref="fl-22"/>
      </object_component>
      <object_component id="oc-124">
         <name>.const:g_fRangeLookup</name>
         <load_address>0x3424</load_address>
         <run_address>0x3424</run_address>
         <size>0x10</size>
         <input_file_ref idref="fl-22"/>
      </object_component>
      <object_component id="oc-127">
         <name>.const:g_fResolutionLookup</name>
         <load_address>0x3434</load_address>
         <run_address>0x3434</run_address>
         <size>0x10</size>
         <input_file_ref idref="fl-22"/>
      </object_component>
      <object_component id="oc-240">
         <name>__TI_handler_table</name>
         <load_address>0x3448</load_address>
         <run_address>0x3448</run_address>
         <size>0xc</size>
      </object_component>
      <object_component id="oc-244">
         <name>.cinit..bss.load</name>
         <load_address>0x3458</load_address>
         <run_address>0x3458</run_address>
         <size>0x8</size>
      </object_component>
      <object_component id="oc-242">
         <name>.cinit..vtable.load</name>
         <load_address>0x3460</load_address>
         <run_address>0x3460</run_address>
         <size>0x8</size>
      </object_component>
      <object_component id="oc-243">
         <name>.cinit..data.load</name>
         <load_address>0x3468</load_address>
         <run_address>0x3468</run_address>
         <size>0x7</size>
      </object_component>
      <object_component id="oc-241">
         <name>__TI_cinit_table</name>
         <load_address>0x3470</load_address>
         <run_address>0x3470</run_address>
         <size>0x18</size>
      </object_component>
      <object_component id="oc-107">
         <name>.vtable</name>
         <uninitialized>true</uninitialized>
         <run_address>0x20000000</run_address>
         <size>0x26c</size>
         <input_file_ref idref="fl-e"/>
      </object_component>
      <object_component id="oc-9b">
         <name>.data</name>
         <load_address>0x200005c8</load_address>
         <run_address>0x200005c8</run_address>
         <size>0x5</size>
         <input_file_ref idref="fl-3"/>
      </object_component>
      <object_component id="oc-9a">
         <name>.common:I2c_Master_Instance</name>
         <uninitialized>true</uninitialized>
         <run_address>0x20000470</run_address>
         <size>0x124</size>
      </object_component>
      <object_component id="oc-9e">
         <name>.common:Light_Sensor_Instance</name>
         <uninitialized>true</uninitialized>
         <run_address>0x20000594</run_address>
         <size>0x2c</size>
      </object_component>
      <object_component id="oc-96">
         <name>.common:g_vui8DataFlag</name>
         <uninitialized>true</uninitialized>
         <run_address>0x200005c0</run_address>
         <size>0x4</size>
      </object_component>
      <object_component id="oc-99">
         <name>.common:g_vui8ErrorFlag</name>
         <uninitialized>true</uninitialized>
         <run_address>0x200005c4</run_address>
         <size>0x4</size>
      </object_component>
      <object_component id="oc-21">
         <name>.stack</name>
         <uninitialized>true</uninitialized>
         <run_address>0x20000270</run_address>
         <size>0x4</size>
         <input_file_ref idref="fl-10b"/>
      </object_component>
      <object_component id="oc-245">
         <name>.stack</name>
         <uninitialized>true</uninitialized>
         <run_address>0x20000270</run_address>
         <size>0x0</size>
      </object_component>
      <object_component id="oc-14a">
         <name>.debug_info</name>
         <load_address>0x0</load_address>
         <run_address>0x0</run_address>
         <size>0x3cf</size>
         <input_file_ref idref="fl-2"/>
      </object_component>
      <object_component id="oc-78">
         <name>.debug_info</name>
         <load_address>0x3cf</load_address>
         <run_address>0x3cf</run_address>
         <size>0x209</size>
         <input_file_ref idref="fl-2"/>
      </object_component>
      <object_component id="oc-b1">
         <name>.debug_info</name>
         <load_address>0x5d8</load_address>
         <run_address>0x5d8</run_address>
         <size>0x26b</size>
         <input_file_ref idref="fl-2"/>
      </object_component>
      <object_component id="oc-39">
         <name>.debug_info</name>
         <load_address>0x843</load_address>
         <run_address>0x843</run_address>
         <size>0x84</size>
         <input_file_ref idref="fl-2"/>
      </object_component>
      <object_component id="oc-145">
         <name>.debug_info</name>
         <load_address>0x8c7</load_address>
         <run_address>0x8c7</run_address>
         <size>0x297</size>
         <input_file_ref idref="fl-2"/>
      </object_component>
      <object_component id="oc-a5">
         <name>.debug_info</name>
         <load_address>0xb5e</load_address>
         <run_address>0xb5e</run_address>
         <size>0xef</size>
         <input_file_ref idref="fl-2"/>
      </object_component>
      <object_component id="oc-a0">
         <name>.debug_info</name>
         <load_address>0xc4d</load_address>
         <run_address>0xc4d</run_address>
         <size>0xbb</size>
         <input_file_ref idref="fl-2"/>
      </object_component>
      <object_component id="oc-97">
         <name>.debug_info</name>
         <load_address>0xd08</load_address>
         <run_address>0xd08</run_address>
         <size>0x6e8</size>
         <input_file_ref idref="fl-3"/>
      </object_component>
      <object_component id="oc-9c">
         <name>.debug_info</name>
         <load_address>0x13f0</load_address>
         <run_address>0x13f0</run_address>
         <size>0xe7</size>
         <input_file_ref idref="fl-3"/>
      </object_component>
      <object_component id="oc-ea">
         <name>.debug_info</name>
         <load_address>0x14d7</load_address>
         <run_address>0x14d7</run_address>
         <size>0x257</size>
         <input_file_ref idref="fl-3"/>
      </object_component>
      <object_component id="oc-f1">
         <name>.debug_info</name>
         <load_address>0x172e</load_address>
         <run_address>0x172e</run_address>
         <size>0x2c3</size>
         <input_file_ref idref="fl-3"/>
      </object_component>
      <object_component id="oc-f8">
         <name>.debug_info</name>
         <load_address>0x19f1</load_address>
         <run_address>0x19f1</run_address>
         <size>0x289</size>
         <input_file_ref idref="fl-3"/>
      </object_component>
      <object_component id="oc-2b">
         <name>.debug_info</name>
         <load_address>0x1c7a</load_address>
         <run_address>0x1c7a</run_address>
         <size>0x699</size>
         <input_file_ref idref="fl-3"/>
      </object_component>
      <object_component id="oc-139">
         <name>.debug_info</name>
         <load_address>0x2313</load_address>
         <run_address>0x2313</run_address>
         <size>0x4e6</size>
         <input_file_ref idref="fl-3"/>
      </object_component>
      <object_component id="oc-13e">
         <name>.debug_info</name>
         <load_address>0x27f9</load_address>
         <run_address>0x27f9</run_address>
         <size>0x158</size>
         <input_file_ref idref="fl-3"/>
      </object_component>
      <object_component id="oc-aa">
         <name>.debug_info</name>
         <load_address>0x2951</load_address>
         <run_address>0x2951</run_address>
         <size>0x8b</size>
         <input_file_ref idref="fl-3"/>
      </object_component>
      <object_component id="oc-102">
         <name>.debug_info</name>
         <load_address>0x29dc</load_address>
         <run_address>0x29dc</run_address>
         <size>0x353</size>
         <input_file_ref idref="fl-7"/>
      </object_component>
      <object_component id="oc-136">
         <name>.debug_info</name>
         <load_address>0x2d2f</load_address>
         <run_address>0x2d2f</run_address>
         <size>0x337</size>
         <input_file_ref idref="fl-b"/>
      </object_component>
      <object_component id="oc-130">
         <name>.debug_info</name>
         <load_address>0x3066</load_address>
         <run_address>0x3066</run_address>
         <size>0xe7</size>
         <input_file_ref idref="fl-b"/>
      </object_component>
      <object_component id="oc-133">
         <name>.debug_info</name>
         <load_address>0x314d</load_address>
         <run_address>0x314d</run_address>
         <size>0xdb</size>
         <input_file_ref idref="fl-b"/>
      </object_component>
      <object_component id="oc-93">
         <name>.debug_info</name>
         <load_address>0x3228</load_address>
         <run_address>0x3228</run_address>
         <size>0x2af0</size>
         <input_file_ref idref="fl-b"/>
      </object_component>
      <object_component id="oc-19d">
         <name>.debug_info</name>
         <load_address>0x5d18</load_address>
         <run_address>0x5d18</run_address>
         <size>0x322</size>
         <input_file_ref idref="fl-d"/>
      </object_component>
      <object_component id="oc-19a">
         <name>.debug_info</name>
         <load_address>0x603a</load_address>
         <run_address>0x603a</run_address>
         <size>0xd4</size>
         <input_file_ref idref="fl-d"/>
      </object_component>
      <object_component id="oc-e4">
         <name>.debug_info</name>
         <load_address>0x610e</load_address>
         <run_address>0x610e</run_address>
         <size>0x2149</size>
         <input_file_ref idref="fl-d"/>
      </object_component>
      <object_component id="oc-11d">
         <name>.debug_info</name>
         <load_address>0x8257</load_address>
         <run_address>0x8257</run_address>
         <size>0x324</size>
         <input_file_ref idref="fl-e"/>
      </object_component>
      <object_component id="oc-10b">
         <name>.debug_info</name>
         <load_address>0x857b</load_address>
         <run_address>0x857b</run_address>
         <size>0xd6</size>
         <input_file_ref idref="fl-e"/>
      </object_component>
      <object_component id="oc-10e">
         <name>.debug_info</name>
         <load_address>0x8651</load_address>
         <run_address>0x8651</run_address>
         <size>0xce</size>
         <input_file_ref idref="fl-e"/>
      </object_component>
      <object_component id="oc-111">
         <name>.debug_info</name>
         <load_address>0x871f</load_address>
         <run_address>0x871f</run_address>
         <size>0xd2</size>
         <input_file_ref idref="fl-e"/>
      </object_component>
      <object_component id="oc-114">
         <name>.debug_info</name>
         <load_address>0x87f1</load_address>
         <run_address>0x87f1</run_address>
         <size>0xd8</size>
         <input_file_ref idref="fl-e"/>
      </object_component>
      <object_component id="oc-117">
         <name>.debug_info</name>
         <load_address>0x88c9</load_address>
         <run_address>0x88c9</run_address>
         <size>0xd6</size>
         <input_file_ref idref="fl-e"/>
      </object_component>
      <object_component id="oc-11a">
         <name>.debug_info</name>
         <load_address>0x899f</load_address>
         <run_address>0x899f</run_address>
         <size>0xda</size>
         <input_file_ref idref="fl-e"/>
      </object_component>
      <object_component id="oc-108">
         <name>.debug_info</name>
         <load_address>0x8a79</load_address>
         <run_address>0x8a79</run_address>
         <size>0xd7</size>
         <input_file_ref idref="fl-e"/>
      </object_component>
      <object_component id="oc-80">
         <name>.debug_info</name>
         <load_address>0x8b50</load_address>
         <run_address>0x8b50</run_address>
         <size>0xd5f</size>
         <input_file_ref idref="fl-e"/>
      </object_component>
      <object_component id="oc-122">
         <name>.debug_info</name>
         <load_address>0x98af</load_address>
         <run_address>0x98af</run_address>
         <size>0x413</size>
         <input_file_ref idref="fl-14"/>
      </object_component>
      <object_component id="oc-11f">
         <name>.debug_info</name>
         <load_address>0x9cc2</load_address>
         <run_address>0x9cc2</run_address>
         <size>0xcd</size>
         <input_file_ref idref="fl-14"/>
      </object_component>
      <object_component id="oc-86">
         <name>.debug_info</name>
         <load_address>0x9d8f</load_address>
         <run_address>0x9d8f</run_address>
         <size>0x1b97</size>
         <input_file_ref idref="fl-14"/>
      </object_component>
      <object_component id="oc-ff">
         <name>.debug_info</name>
         <load_address>0xb926</load_address>
         <run_address>0xb926</run_address>
         <size>0x51e</size>
         <input_file_ref idref="fl-21"/>
      </object_component>
      <object_component id="oc-73">
         <name>.debug_info</name>
         <load_address>0xbe44</load_address>
         <run_address>0xbe44</run_address>
         <size>0x2423</size>
         <input_file_ref idref="fl-21"/>
      </object_component>
      <object_component id="oc-12e">
         <name>.debug_info</name>
         <load_address>0xe267</load_address>
         <run_address>0xe267</run_address>
         <size>0x463</size>
         <input_file_ref idref="fl-22"/>
      </object_component>
      <object_component id="oc-125">
         <name>.debug_info</name>
         <load_address>0xe6ca</load_address>
         <run_address>0xe6ca</run_address>
         <size>0xd4</size>
         <input_file_ref idref="fl-22"/>
      </object_component>
      <object_component id="oc-128">
         <name>.debug_info</name>
         <load_address>0xe79e</load_address>
         <run_address>0xe79e</run_address>
         <size>0xde</size>
         <input_file_ref idref="fl-22"/>
      </object_component>
      <object_component id="oc-12b">
         <name>.debug_info</name>
         <load_address>0xe87c</load_address>
         <run_address>0xe87c</run_address>
         <size>0xd2</size>
         <input_file_ref idref="fl-22"/>
      </object_component>
      <object_component id="oc-8b">
         <name>.debug_info</name>
         <load_address>0xe94e</load_address>
         <run_address>0xe94e</run_address>
         <size>0xde8</size>
         <input_file_ref idref="fl-22"/>
      </object_component>
      <object_component id="oc-32">
         <name>.debug_info</name>
         <load_address>0xf736</load_address>
         <run_address>0xf736</run_address>
         <size>0x2bc</size>
         <input_file_ref idref="fl-2f"/>
      </object_component>
      <object_component id="oc-10">
         <name>.debug_info</name>
         <load_address>0xf9f2</load_address>
         <run_address>0xf9f2</run_address>
         <size>0xc9</size>
         <input_file_ref idref="fl-2f"/>
      </object_component>
      <object_component id="oc-26">
         <name>.debug_info</name>
         <load_address>0xfabb</load_address>
         <run_address>0xfabb</run_address>
         <size>0x1fb</size>
         <input_file_ref idref="fl-2f"/>
      </object_component>
      <object_component id="oc-152">
         <name>.debug_info</name>
         <load_address>0xfcb6</load_address>
         <run_address>0xfcb6</run_address>
         <size>0x2c</size>
         <input_file_ref idref="fl-30"/>
      </object_component>
      <object_component id="oc-ca">
         <name>.debug_info</name>
         <load_address>0xfce2</load_address>
         <run_address>0xfce2</run_address>
         <size>0x313</size>
         <input_file_ref idref="fl-106"/>
      </object_component>
      <object_component id="oc-4b">
         <name>.debug_info</name>
         <load_address>0xfff5</load_address>
         <run_address>0xfff5</run_address>
         <size>0x1b4</size>
         <input_file_ref idref="fl-106"/>
      </object_component>
      <object_component id="oc-c5">
         <name>.debug_info</name>
         <load_address>0x101a9</load_address>
         <run_address>0x101a9</run_address>
         <size>0x46</size>
         <input_file_ref idref="fl-106"/>
      </object_component>
      <object_component id="oc-49">
         <name>.debug_info</name>
         <load_address>0x101ef</load_address>
         <run_address>0x101ef</run_address>
         <size>0x29d</size>
         <input_file_ref idref="fl-107"/>
      </object_component>
      <object_component id="oc-19">
         <name>.debug_info</name>
         <load_address>0x1048c</load_address>
         <run_address>0x1048c</run_address>
         <size>0x1df</size>
         <input_file_ref idref="fl-107"/>
      </object_component>
      <object_component id="oc-44">
         <name>.debug_info</name>
         <load_address>0x1066b</load_address>
         <run_address>0x1066b</run_address>
         <size>0x46</size>
         <input_file_ref idref="fl-107"/>
      </object_component>
      <object_component id="oc-bd">
         <name>.debug_info</name>
         <load_address>0x106b1</load_address>
         <run_address>0x106b1</run_address>
         <size>0x2c</size>
         <input_file_ref idref="fl-107"/>
      </object_component>
      <object_component id="oc-bb">
         <name>.debug_info</name>
         <load_address>0x106dd</load_address>
         <run_address>0x106dd</run_address>
         <size>0x293</size>
         <input_file_ref idref="fl-108"/>
      </object_component>
      <object_component id="oc-15">
         <name>.debug_info</name>
         <load_address>0x10970</load_address>
         <run_address>0x10970</run_address>
         <size>0x245</size>
         <input_file_ref idref="fl-108"/>
      </object_component>
      <object_component id="oc-34">
         <name>.debug_info</name>
         <load_address>0x10bb5</load_address>
         <run_address>0x10bb5</run_address>
         <size>0x60</size>
         <input_file_ref idref="fl-108"/>
      </object_component>
      <object_component id="oc-14b">
         <name>.debug_info</name>
         <load_address>0x10c15</load_address>
         <run_address>0x10c15</run_address>
         <size>0x46</size>
         <input_file_ref idref="fl-108"/>
      </object_component>
      <object_component id="oc-b6">
         <name>.debug_info</name>
         <load_address>0x10c5b</load_address>
         <run_address>0x10c5b</run_address>
         <size>0x39</size>
         <input_file_ref idref="fl-108"/>
      </object_component>
      <object_component id="oc-22">
         <name>.debug_info</name>
         <load_address>0x10c94</load_address>
         <run_address>0x10c94</run_address>
         <size>0x100</size>
         <input_file_ref idref="fl-10b"/>
      </object_component>
      <object_component id="oc-5e">
         <name>.debug_info</name>
         <load_address>0x10d94</load_address>
         <run_address>0x10d94</run_address>
         <size>0x1a4</size>
         <input_file_ref idref="fl-10b"/>
      </object_component>
      <object_component id="oc-41">
         <name>.debug_info</name>
         <load_address>0x10f38</load_address>
         <run_address>0x10f38</run_address>
         <size>0x111</size>
         <input_file_ref idref="fl-10e"/>
      </object_component>
      <object_component id="oc-1d0">
         <name>.debug_info</name>
         <load_address>0x11049</load_address>
         <run_address>0x11049</run_address>
         <size>0x547</size>
         <input_file_ref idref="fl-10f"/>
      </object_component>
      <object_component id="oc-168">
         <name>.debug_info</name>
         <load_address>0x11590</load_address>
         <run_address>0x11590</run_address>
         <size>0x19b</size>
         <input_file_ref idref="fl-10f"/>
      </object_component>
      <object_component id="oc-1f9">
         <name>.debug_info</name>
         <load_address>0x1172b</load_address>
         <run_address>0x1172b</run_address>
         <size>0x39</size>
         <input_file_ref idref="fl-10f"/>
      </object_component>
      <object_component id="oc-20d">
         <name>.debug_info</name>
         <load_address>0x11764</load_address>
         <run_address>0x11764</run_address>
         <size>0x39</size>
         <input_file_ref idref="fl-10f"/>
      </object_component>
      <object_component id="oc-1fe">
         <name>.debug_info</name>
         <load_address>0x1179d</load_address>
         <run_address>0x1179d</run_address>
         <size>0x39</size>
         <input_file_ref idref="fl-10f"/>
      </object_component>
      <object_component id="oc-203">
         <name>.debug_info</name>
         <load_address>0x117d6</load_address>
         <run_address>0x117d6</run_address>
         <size>0xcd</size>
         <input_file_ref idref="fl-10f"/>
      </object_component>
      <object_component id="oc-d2">
         <name>.debug_info</name>
         <load_address>0x118a3</load_address>
         <run_address>0x118a3</run_address>
         <size>0x148</size>
         <input_file_ref idref="fl-110"/>
      </object_component>
      <object_component id="oc-15c">
         <name>.debug_info</name>
         <load_address>0x119eb</load_address>
         <run_address>0x119eb</run_address>
         <size>0x117</size>
         <input_file_ref idref="fl-112"/>
      </object_component>
      <object_component id="oc-246">
         <name>.debug_info</name>
         <load_address>0x11b02</load_address>
         <run_address>0x11b02</run_address>
         <size>0x88</size>
      </object_component>
      <object_component id="oc-1c4">
         <name>.debug_line</name>
         <load_address>0x0</load_address>
         <run_address>0x0</run_address>
         <size>0x7a</size>
         <input_file_ref idref="fl-2"/>
      </object_component>
      <object_component id="oc-7b">
         <name>.debug_line</name>
         <load_address>0x7a</load_address>
         <run_address>0x7a</run_address>
         <size>0x4f</size>
         <input_file_ref idref="fl-2"/>
      </object_component>
      <object_component id="oc-b4">
         <name>.debug_line</name>
         <load_address>0xc9</load_address>
         <run_address>0xc9</run_address>
         <size>0x69</size>
         <input_file_ref idref="fl-2"/>
      </object_component>
      <object_component id="oc-3c">
         <name>.debug_line</name>
         <load_address>0x132</load_address>
         <run_address>0x132</run_address>
         <size>0x20</size>
         <input_file_ref idref="fl-2"/>
      </object_component>
      <object_component id="oc-148">
         <name>.debug_line</name>
         <load_address>0x152</load_address>
         <run_address>0x152</run_address>
         <size>0x6d</size>
         <input_file_ref idref="fl-2"/>
      </object_component>
      <object_component id="oc-a8">
         <name>.debug_line</name>
         <load_address>0x1bf</load_address>
         <run_address>0x1bf</run_address>
         <size>0x69</size>
         <input_file_ref idref="fl-2"/>
      </object_component>
      <object_component id="oc-a3">
         <name>.debug_line</name>
         <load_address>0x228</load_address>
         <run_address>0x228</run_address>
         <size>0x6a</size>
         <input_file_ref idref="fl-2"/>
      </object_component>
      <object_component id="oc-138">
         <name>.debug_line</name>
         <load_address>0x292</load_address>
         <run_address>0x292</run_address>
         <size>0x135</size>
         <input_file_ref idref="fl-3"/>
      </object_component>
      <object_component id="oc-144">
         <name>.debug_line</name>
         <load_address>0x3c7</load_address>
         <run_address>0x3c7</run_address>
         <size>0x39</size>
         <input_file_ref idref="fl-3"/>
      </object_component>
      <object_component id="oc-ed">
         <name>.debug_line</name>
         <load_address>0x400</load_address>
         <run_address>0x400</run_address>
         <size>0x68</size>
         <input_file_ref idref="fl-3"/>
      </object_component>
      <object_component id="oc-f4">
         <name>.debug_line</name>
         <load_address>0x468</load_address>
         <run_address>0x468</run_address>
         <size>0x68</size>
         <input_file_ref idref="fl-3"/>
      </object_component>
      <object_component id="oc-fb">
         <name>.debug_line</name>
         <load_address>0x4d0</load_address>
         <run_address>0x4d0</run_address>
         <size>0x68</size>
         <input_file_ref idref="fl-3"/>
      </object_component>
      <object_component id="oc-2e">
         <name>.debug_line</name>
         <load_address>0x538</load_address>
         <run_address>0x538</run_address>
         <size>0xf9</size>
         <input_file_ref idref="fl-3"/>
      </object_component>
      <object_component id="oc-13c">
         <name>.debug_line</name>
         <load_address>0x631</load_address>
         <run_address>0x631</run_address>
         <size>0x50</size>
         <input_file_ref idref="fl-3"/>
      </object_component>
      <object_component id="oc-141">
         <name>.debug_line</name>
         <load_address>0x681</load_address>
         <run_address>0x681</run_address>
         <size>0x50</size>
         <input_file_ref idref="fl-3"/>
      </object_component>
      <object_component id="oc-ad">
         <name>.debug_line</name>
         <load_address>0x6d1</load_address>
         <run_address>0x6d1</run_address>
         <size>0x20</size>
         <input_file_ref idref="fl-3"/>
      </object_component>
      <object_component id="oc-105">
         <name>.debug_line</name>
         <load_address>0x6f1</load_address>
         <run_address>0x6f1</run_address>
         <size>0xdd</size>
         <input_file_ref idref="fl-7"/>
      </object_component>
      <object_component id="oc-1c2">
         <name>.debug_line</name>
         <load_address>0x7ce</load_address>
         <run_address>0x7ce</run_address>
         <size>0x51</size>
         <input_file_ref idref="fl-b"/>
      </object_component>
      <object_component id="oc-1be">
         <name>.debug_line</name>
         <load_address>0x81f</load_address>
         <run_address>0x81f</run_address>
         <size>0x3b</size>
         <input_file_ref idref="fl-b"/>
      </object_component>
      <object_component id="oc-1c0">
         <name>.debug_line</name>
         <load_address>0x85a</load_address>
         <run_address>0x85a</run_address>
         <size>0x3b</size>
         <input_file_ref idref="fl-b"/>
      </object_component>
      <object_component id="oc-92">
         <name>.debug_line</name>
         <load_address>0x895</load_address>
         <run_address>0x895</run_address>
         <size>0x52e</size>
         <input_file_ref idref="fl-b"/>
      </object_component>
      <object_component id="oc-1e8">
         <name>.debug_line</name>
         <load_address>0xdc3</load_address>
         <run_address>0xdc3</run_address>
         <size>0x51</size>
         <input_file_ref idref="fl-d"/>
      </object_component>
      <object_component id="oc-1e6">
         <name>.debug_line</name>
         <load_address>0xe14</load_address>
         <run_address>0xe14</run_address>
         <size>0x3a</size>
         <input_file_ref idref="fl-d"/>
      </object_component>
      <object_component id="oc-e8">
         <name>.debug_line</name>
         <load_address>0xe4e</load_address>
         <run_address>0xe4e</run_address>
         <size>0x4e9</size>
         <input_file_ref idref="fl-d"/>
      </object_component>
      <object_component id="oc-1b0">
         <name>.debug_line</name>
         <load_address>0x1337</load_address>
         <run_address>0x1337</run_address>
         <size>0x4b</size>
         <input_file_ref idref="fl-e"/>
      </object_component>
      <object_component id="oc-1a4">
         <name>.debug_line</name>
         <load_address>0x1382</load_address>
         <run_address>0x1382</run_address>
         <size>0x40</size>
         <input_file_ref idref="fl-e"/>
      </object_component>
      <object_component id="oc-1a6">
         <name>.debug_line</name>
         <load_address>0x13c2</load_address>
         <run_address>0x13c2</run_address>
         <size>0x40</size>
         <input_file_ref idref="fl-e"/>
      </object_component>
      <object_component id="oc-1a8">
         <name>.debug_line</name>
         <load_address>0x1402</load_address>
         <run_address>0x1402</run_address>
         <size>0x40</size>
         <input_file_ref idref="fl-e"/>
      </object_component>
      <object_component id="oc-1aa">
         <name>.debug_line</name>
         <load_address>0x1442</load_address>
         <run_address>0x1442</run_address>
         <size>0x40</size>
         <input_file_ref idref="fl-e"/>
      </object_component>
      <object_component id="oc-1ac">
         <name>.debug_line</name>
         <load_address>0x1482</load_address>
         <run_address>0x1482</run_address>
         <size>0x40</size>
         <input_file_ref idref="fl-e"/>
      </object_component>
      <object_component id="oc-1ae">
         <name>.debug_line</name>
         <load_address>0x14c2</load_address>
         <run_address>0x14c2</run_address>
         <size>0x40</size>
         <input_file_ref idref="fl-e"/>
      </object_component>
      <object_component id="oc-1a2">
         <name>.debug_line</name>
         <load_address>0x1502</load_address>
         <run_address>0x1502</run_address>
         <size>0x40</size>
         <input_file_ref idref="fl-e"/>
      </object_component>
      <object_component id="oc-7e">
         <name>.debug_line</name>
         <load_address>0x1542</load_address>
         <run_address>0x1542</run_address>
         <size>0x2f1</size>
         <input_file_ref idref="fl-e"/>
      </object_component>
      <object_component id="oc-1b4">
         <name>.debug_line</name>
         <load_address>0x1833</load_address>
         <run_address>0x1833</run_address>
         <size>0xc7</size>
         <input_file_ref idref="fl-14"/>
      </object_component>
      <object_component id="oc-1b2">
         <name>.debug_line</name>
         <load_address>0x18fa</load_address>
         <run_address>0x18fa</run_address>
         <size>0x3d</size>
         <input_file_ref idref="fl-14"/>
      </object_component>
      <object_component id="oc-84">
         <name>.debug_line</name>
         <load_address>0x1937</load_address>
         <run_address>0x1937</run_address>
         <size>0x5b2</size>
         <input_file_ref idref="fl-14"/>
      </object_component>
      <object_component id="oc-19f">
         <name>.debug_line</name>
         <load_address>0x1ee9</load_address>
         <run_address>0x1ee9</run_address>
         <size>0x7c</size>
         <input_file_ref idref="fl-21"/>
      </object_component>
      <object_component id="oc-76">
         <name>.debug_line</name>
         <load_address>0x1f65</load_address>
         <run_address>0x1f65</run_address>
         <size>0x614</size>
         <input_file_ref idref="fl-21"/>
      </object_component>
      <object_component id="oc-1bc">
         <name>.debug_line</name>
         <load_address>0x2579</load_address>
         <run_address>0x2579</run_address>
         <size>0x50</size>
         <input_file_ref idref="fl-22"/>
      </object_component>
      <object_component id="oc-1b6">
         <name>.debug_line</name>
         <load_address>0x25c9</load_address>
         <run_address>0x25c9</run_address>
         <size>0x3f</size>
         <input_file_ref idref="fl-22"/>
      </object_component>
      <object_component id="oc-1b8">
         <name>.debug_line</name>
         <load_address>0x2608</load_address>
         <run_address>0x2608</run_address>
         <size>0x3f</size>
         <input_file_ref idref="fl-22"/>
      </object_component>
      <object_component id="oc-1ba">
         <name>.debug_line</name>
         <load_address>0x2647</load_address>
         <run_address>0x2647</run_address>
         <size>0x3f</size>
         <input_file_ref idref="fl-22"/>
      </object_component>
      <object_component id="oc-8e">
         <name>.debug_line</name>
         <load_address>0x2686</load_address>
         <run_address>0x2686</run_address>
         <size>0x260</size>
         <input_file_ref idref="fl-22"/>
      </object_component>
      <object_component id="oc-b0">
         <name>.debug_line</name>
         <load_address>0x28e6</load_address>
         <run_address>0x28e6</run_address>
         <size>0x38</size>
         <input_file_ref idref="fl-2f"/>
      </object_component>
      <object_component id="oc-31">
         <name>.debug_line</name>
         <load_address>0x291e</load_address>
         <run_address>0x291e</run_address>
         <size>0x38</size>
         <input_file_ref idref="fl-2f"/>
      </object_component>
      <object_component id="oc-25">
         <name>.debug_line</name>
         <load_address>0x2956</load_address>
         <run_address>0x2956</run_address>
         <size>0x98</size>
         <input_file_ref idref="fl-2f"/>
      </object_component>
      <object_component id="oc-155">
         <name>.debug_line</name>
         <load_address>0x29ee</load_address>
         <run_address>0x29ee</run_address>
         <size>0x65</size>
         <input_file_ref idref="fl-30"/>
      </object_component>
      <object_component id="oc-158">
         <name>.debug_line</name>
         <load_address>0x2a53</load_address>
         <run_address>0x2a53</run_address>
         <size>0x9e</size>
         <input_file_ref idref="fl-106"/>
      </object_component>
      <object_component id="oc-4e">
         <name>.debug_line</name>
         <load_address>0x2af1</load_address>
         <run_address>0x2af1</run_address>
         <size>0x4f</size>
         <input_file_ref idref="fl-106"/>
      </object_component>
      <object_component id="oc-c8">
         <name>.debug_line</name>
         <load_address>0x2b40</load_address>
         <run_address>0x2b40</run_address>
         <size>0x34</size>
         <input_file_ref idref="fl-106"/>
      </object_component>
      <object_component id="oc-c3">
         <name>.debug_line</name>
         <load_address>0x2b74</load_address>
         <run_address>0x2b74</run_address>
         <size>0x20</size>
         <input_file_ref idref="fl-107"/>
      </object_component>
      <object_component id="oc-1c">
         <name>.debug_line</name>
         <load_address>0x2b94</load_address>
         <run_address>0x2b94</run_address>
         <size>0x55</size>
         <input_file_ref idref="fl-107"/>
      </object_component>
      <object_component id="oc-47">
         <name>.debug_line</name>
         <load_address>0x2be9</load_address>
         <run_address>0x2be9</run_address>
         <size>0x3a</size>
         <input_file_ref idref="fl-107"/>
      </object_component>
      <object_component id="oc-c0">
         <name>.debug_line</name>
         <load_address>0x2c23</load_address>
         <run_address>0x2c23</run_address>
         <size>0x8a</size>
         <input_file_ref idref="fl-107"/>
      </object_component>
      <object_component id="oc-151">
         <name>.debug_line</name>
         <load_address>0x2cad</load_address>
         <run_address>0x2cad</run_address>
         <size>0x20</size>
         <input_file_ref idref="fl-108"/>
      </object_component>
      <object_component id="oc-13">
         <name>.debug_line</name>
         <load_address>0x2ccd</load_address>
         <run_address>0x2ccd</run_address>
         <size>0xa9</size>
         <input_file_ref idref="fl-108"/>
      </object_component>
      <object_component id="oc-37">
         <name>.debug_line</name>
         <load_address>0x2d76</load_address>
         <run_address>0x2d76</run_address>
         <size>0x3a</size>
         <input_file_ref idref="fl-108"/>
      </object_component>
      <object_component id="oc-14e">
         <name>.debug_line</name>
         <load_address>0x2db0</load_address>
         <run_address>0x2db0</run_address>
         <size>0x92</size>
         <input_file_ref idref="fl-108"/>
      </object_component>
      <object_component id="oc-b9">
         <name>.debug_line</name>
         <load_address>0x2e42</load_address>
         <run_address>0x2e42</run_address>
         <size>0x8e</size>
         <input_file_ref idref="fl-108"/>
      </object_component>
      <object_component id="oc-6f">
         <name>.debug_line</name>
         <load_address>0x2ed0</load_address>
         <run_address>0x2ed0</run_address>
         <size>0x33</size>
         <input_file_ref idref="fl-10b"/>
      </object_component>
      <object_component id="oc-5d">
         <name>.debug_line</name>
         <load_address>0x2f03</load_address>
         <run_address>0x2f03</run_address>
         <size>0x56</size>
         <input_file_ref idref="fl-10b"/>
      </object_component>
      <object_component id="oc-40">
         <name>.debug_line</name>
         <load_address>0x2f59</load_address>
         <run_address>0x2f59</run_address>
         <size>0x88</size>
         <input_file_ref idref="fl-10e"/>
      </object_component>
      <object_component id="oc-1f8">
         <name>.debug_line</name>
         <load_address>0x2fe1</load_address>
         <run_address>0x2fe1</run_address>
         <size>0xb7</size>
         <input_file_ref idref="fl-10f"/>
      </object_component>
      <object_component id="oc-16b">
         <name>.debug_line</name>
         <load_address>0x3098</load_address>
         <run_address>0x3098</run_address>
         <size>0x6c</size>
         <input_file_ref idref="fl-10f"/>
      </object_component>
      <object_component id="oc-1fc">
         <name>.debug_line</name>
         <load_address>0x3104</load_address>
         <run_address>0x3104</run_address>
         <size>0x2e</size>
         <input_file_ref idref="fl-10f"/>
      </object_component>
      <object_component id="oc-210">
         <name>.debug_line</name>
         <load_address>0x3132</load_address>
         <run_address>0x3132</run_address>
         <size>0x92</size>
         <input_file_ref idref="fl-10f"/>
      </object_component>
      <object_component id="oc-201">
         <name>.debug_line</name>
         <load_address>0x31c4</load_address>
         <run_address>0x31c4</run_address>
         <size>0x8f</size>
         <input_file_ref idref="fl-10f"/>
      </object_component>
      <object_component id="oc-206">
         <name>.debug_line</name>
         <load_address>0x3253</load_address>
         <run_address>0x3253</run_address>
         <size>0x8b</size>
         <input_file_ref idref="fl-10f"/>
      </object_component>
      <object_component id="oc-d5">
         <name>.debug_line</name>
         <load_address>0x32de</load_address>
         <run_address>0x32de</run_address>
         <size>0x40</size>
         <input_file_ref idref="fl-110"/>
      </object_component>
      <object_component id="oc-160">
         <name>.debug_line</name>
         <load_address>0x331e</load_address>
         <run_address>0x331e</run_address>
         <size>0x3c</size>
         <input_file_ref idref="fl-112"/>
      </object_component>
      <object_component id="oc-7c">
         <name>.debug_frame</name>
         <load_address>0x0</load_address>
         <run_address>0x0</run_address>
         <size>0x58</size>
         <input_file_ref idref="fl-2"/>
      </object_component>
      <object_component id="oc-ee">
         <name>.debug_frame</name>
         <load_address>0x58</load_address>
         <run_address>0x58</run_address>
         <size>0x5c</size>
         <input_file_ref idref="fl-3"/>
      </object_component>
      <object_component id="oc-f5">
         <name>.debug_frame</name>
         <load_address>0xb4</load_address>
         <run_address>0xb4</run_address>
         <size>0x5c</size>
         <input_file_ref idref="fl-3"/>
      </object_component>
      <object_component id="oc-fc">
         <name>.debug_frame</name>
         <load_address>0x110</load_address>
         <run_address>0x110</run_address>
         <size>0x5c</size>
         <input_file_ref idref="fl-3"/>
      </object_component>
      <object_component id="oc-2f">
         <name>.debug_frame</name>
         <load_address>0x16c</load_address>
         <run_address>0x16c</run_address>
         <size>0xd8</size>
         <input_file_ref idref="fl-3"/>
      </object_component>
      <object_component id="oc-106">
         <name>.debug_frame</name>
         <load_address>0x244</load_address>
         <run_address>0x244</run_address>
         <size>0xbc</size>
         <input_file_ref idref="fl-7"/>
      </object_component>
      <object_component id="oc-91">
         <name>.debug_frame</name>
         <load_address>0x300</load_address>
         <run_address>0x300</run_address>
         <size>0x498</size>
         <input_file_ref idref="fl-b"/>
      </object_component>
      <object_component id="oc-e7">
         <name>.debug_frame</name>
         <load_address>0x798</load_address>
         <run_address>0x798</run_address>
         <size>0x410</size>
         <input_file_ref idref="fl-d"/>
      </object_component>
      <object_component id="oc-7f">
         <name>.debug_frame</name>
         <load_address>0xba8</load_address>
         <run_address>0xba8</run_address>
         <size>0x1d4</size>
         <input_file_ref idref="fl-e"/>
      </object_component>
      <object_component id="oc-85">
         <name>.debug_frame</name>
         <load_address>0xd7c</load_address>
         <run_address>0xd7c</run_address>
         <size>0x3e8</size>
         <input_file_ref idref="fl-14"/>
      </object_component>
      <object_component id="oc-72">
         <name>.debug_frame</name>
         <load_address>0x1164</load_address>
         <run_address>0x1164</run_address>
         <size>0x324</size>
         <input_file_ref idref="fl-21"/>
      </object_component>
      <object_component id="oc-8f">
         <name>.debug_frame</name>
         <load_address>0x1488</load_address>
         <run_address>0x1488</run_address>
         <size>0x158</size>
         <input_file_ref idref="fl-22"/>
      </object_component>
      <object_component id="oc-29">
         <name>.debug_frame</name>
         <load_address>0x15e0</load_address>
         <run_address>0x15e0</run_address>
         <size>0x90</size>
         <input_file_ref idref="fl-2f"/>
      </object_component>
      <object_component id="oc-4f">
         <name>.debug_frame</name>
         <load_address>0x1670</load_address>
         <run_address>0x1670</run_address>
         <size>0x54</size>
         <input_file_ref idref="fl-106"/>
      </object_component>
      <object_component id="oc-1d">
         <name>.debug_frame</name>
         <load_address>0x16c4</load_address>
         <run_address>0x16c4</run_address>
         <size>0x54</size>
         <input_file_ref idref="fl-107"/>
      </object_component>
      <object_component id="oc-14">
         <name>.debug_frame</name>
         <load_address>0x1718</load_address>
         <run_address>0x1718</run_address>
         <size>0x60</size>
         <input_file_ref idref="fl-108"/>
      </object_component>
      <object_component id="oc-61">
         <name>.debug_frame</name>
         <load_address>0x1778</load_address>
         <run_address>0x1778</run_address>
         <size>0x58</size>
         <input_file_ref idref="fl-10b"/>
      </object_component>
      <object_component id="oc-16c">
         <name>.debug_frame</name>
         <load_address>0x17d0</load_address>
         <run_address>0x17d0</run_address>
         <size>0x5c</size>
         <input_file_ref idref="fl-10f"/>
      </object_component>
      <object_component id="oc-d6">
         <name>.debug_frame</name>
         <load_address>0x182c</load_address>
         <run_address>0x182c</run_address>
         <size>0x54</size>
         <input_file_ref idref="fl-110"/>
      </object_component>
      <object_component id="oc-15f">
         <name>.debug_frame</name>
         <load_address>0x1880</load_address>
         <run_address>0x1880</run_address>
         <size>0x54</size>
         <input_file_ref idref="fl-112"/>
      </object_component>
      <object_component id="oc-1c3">
         <name>.debug_abbrev</name>
         <load_address>0x0</load_address>
         <run_address>0x0</run_address>
         <size>0x5a</size>
         <input_file_ref idref="fl-2"/>
      </object_component>
      <object_component id="oc-100">
         <name>.debug_abbrev</name>
         <load_address>0x5a</load_address>
         <run_address>0x5a</run_address>
         <size>0x5e</size>
         <input_file_ref idref="fl-2"/>
      </object_component>
      <object_component id="oc-b3">
         <name>.debug_abbrev</name>
         <load_address>0xb8</load_address>
         <run_address>0xb8</run_address>
         <size>0x69</size>
         <input_file_ref idref="fl-2"/>
      </object_component>
      <object_component id="oc-3b">
         <name>.debug_abbrev</name>
         <load_address>0x121</load_address>
         <run_address>0x121</run_address>
         <size>0x1f</size>
         <input_file_ref idref="fl-2"/>
      </object_component>
      <object_component id="oc-147">
         <name>.debug_abbrev</name>
         <load_address>0x140</load_address>
         <run_address>0x140</run_address>
         <size>0x5c</size>
         <input_file_ref idref="fl-2"/>
      </object_component>
      <object_component id="oc-a7">
         <name>.debug_abbrev</name>
         <load_address>0x19c</load_address>
         <run_address>0x19c</run_address>
         <size>0x24</size>
         <input_file_ref idref="fl-2"/>
      </object_component>
      <object_component id="oc-a2">
         <name>.debug_abbrev</name>
         <load_address>0x1c0</load_address>
         <run_address>0x1c0</run_address>
         <size>0x24</size>
         <input_file_ref idref="fl-2"/>
      </object_component>
      <object_component id="oc-137">
         <name>.debug_abbrev</name>
         <load_address>0x1e4</load_address>
         <run_address>0x1e4</run_address>
         <size>0x13e</size>
         <input_file_ref idref="fl-3"/>
      </object_component>
      <object_component id="oc-143">
         <name>.debug_abbrev</name>
         <load_address>0x322</load_address>
         <run_address>0x322</run_address>
         <size>0x29</size>
         <input_file_ref idref="fl-3"/>
      </object_component>
      <object_component id="oc-ec">
         <name>.debug_abbrev</name>
         <load_address>0x34b</load_address>
         <run_address>0x34b</run_address>
         <size>0x7c</size>
         <input_file_ref idref="fl-3"/>
      </object_component>
      <object_component id="oc-f3">
         <name>.debug_abbrev</name>
         <load_address>0x3c7</load_address>
         <run_address>0x3c7</run_address>
         <size>0x7c</size>
         <input_file_ref idref="fl-3"/>
      </object_component>
      <object_component id="oc-fa">
         <name>.debug_abbrev</name>
         <load_address>0x443</load_address>
         <run_address>0x443</run_address>
         <size>0x7c</size>
         <input_file_ref idref="fl-3"/>
      </object_component>
      <object_component id="oc-9f">
         <name>.debug_abbrev</name>
         <load_address>0x4bf</load_address>
         <run_address>0x4bf</run_address>
         <size>0xa9</size>
         <input_file_ref idref="fl-3"/>
      </object_component>
      <object_component id="oc-13b">
         <name>.debug_abbrev</name>
         <load_address>0x568</load_address>
         <run_address>0x568</run_address>
         <size>0x9f</size>
         <input_file_ref idref="fl-3"/>
      </object_component>
      <object_component id="oc-140">
         <name>.debug_abbrev</name>
         <load_address>0x607</load_address>
         <run_address>0x607</run_address>
         <size>0x6e</size>
         <input_file_ref idref="fl-3"/>
      </object_component>
      <object_component id="oc-ac">
         <name>.debug_abbrev</name>
         <load_address>0x675</load_address>
         <run_address>0x675</run_address>
         <size>0x1f</size>
         <input_file_ref idref="fl-3"/>
      </object_component>
      <object_component id="oc-1a0">
         <name>.debug_abbrev</name>
         <load_address>0x694</load_address>
         <run_address>0x694</run_address>
         <size>0xca</size>
         <input_file_ref idref="fl-7"/>
      </object_component>
      <object_component id="oc-1c1">
         <name>.debug_abbrev</name>
         <load_address>0x75e</load_address>
         <run_address>0x75e</run_address>
         <size>0x76</size>
         <input_file_ref idref="fl-b"/>
      </object_component>
      <object_component id="oc-1bd">
         <name>.debug_abbrev</name>
         <load_address>0x7d4</load_address>
         <run_address>0x7d4</run_address>
         <size>0x27</size>
         <input_file_ref idref="fl-b"/>
      </object_component>
      <object_component id="oc-1bf">
         <name>.debug_abbrev</name>
         <load_address>0x7fb</load_address>
         <run_address>0x7fb</run_address>
         <size>0x27</size>
         <input_file_ref idref="fl-b"/>
      </object_component>
      <object_component id="oc-135">
         <name>.debug_abbrev</name>
         <load_address>0x822</load_address>
         <run_address>0x822</run_address>
         <size>0x103</size>
         <input_file_ref idref="fl-b"/>
      </object_component>
      <object_component id="oc-1e7">
         <name>.debug_abbrev</name>
         <load_address>0x925</load_address>
         <run_address>0x925</run_address>
         <size>0x76</size>
         <input_file_ref idref="fl-d"/>
      </object_component>
      <object_component id="oc-1e5">
         <name>.debug_abbrev</name>
         <load_address>0x99b</load_address>
         <run_address>0x99b</run_address>
         <size>0x27</size>
         <input_file_ref idref="fl-d"/>
      </object_component>
      <object_component id="oc-19c">
         <name>.debug_abbrev</name>
         <load_address>0x9c2</load_address>
         <run_address>0x9c2</run_address>
         <size>0x130</size>
         <input_file_ref idref="fl-d"/>
      </object_component>
      <object_component id="oc-1af">
         <name>.debug_abbrev</name>
         <load_address>0xaf2</load_address>
         <run_address>0xaf2</run_address>
         <size>0x92</size>
         <input_file_ref idref="fl-e"/>
      </object_component>
      <object_component id="oc-1a3">
         <name>.debug_abbrev</name>
         <load_address>0xb84</load_address>
         <run_address>0xb84</run_address>
         <size>0x27</size>
         <input_file_ref idref="fl-e"/>
      </object_component>
      <object_component id="oc-1a5">
         <name>.debug_abbrev</name>
         <load_address>0xbab</load_address>
         <run_address>0xbab</run_address>
         <size>0x27</size>
         <input_file_ref idref="fl-e"/>
      </object_component>
      <object_component id="oc-1a7">
         <name>.debug_abbrev</name>
         <load_address>0xbd2</load_address>
         <run_address>0xbd2</run_address>
         <size>0x27</size>
         <input_file_ref idref="fl-e"/>
      </object_component>
      <object_component id="oc-1a9">
         <name>.debug_abbrev</name>
         <load_address>0xbf9</load_address>
         <run_address>0xbf9</run_address>
         <size>0x27</size>
         <input_file_ref idref="fl-e"/>
      </object_component>
      <object_component id="oc-1ab">
         <name>.debug_abbrev</name>
         <load_address>0xc20</load_address>
         <run_address>0xc20</run_address>
         <size>0x27</size>
         <input_file_ref idref="fl-e"/>
      </object_component>
      <object_component id="oc-1ad">
         <name>.debug_abbrev</name>
         <load_address>0xc47</load_address>
         <run_address>0xc47</run_address>
         <size>0x27</size>
         <input_file_ref idref="fl-e"/>
      </object_component>
      <object_component id="oc-1a1">
         <name>.debug_abbrev</name>
         <load_address>0xc6e</load_address>
         <run_address>0xc6e</run_address>
         <size>0x29</size>
         <input_file_ref idref="fl-e"/>
      </object_component>
      <object_component id="oc-11c">
         <name>.debug_abbrev</name>
         <load_address>0xc97</load_address>
         <run_address>0xc97</run_address>
         <size>0x101</size>
         <input_file_ref idref="fl-e"/>
      </object_component>
      <object_component id="oc-1b3">
         <name>.debug_abbrev</name>
         <load_address>0xd98</load_address>
[...]
         <value>0x247d</value>
         <object_component_ref idref="oc-e3"/>
      </symbol>
      <symbol id="sm-1f7">
         <name>I2CIntUnregister</name>
         <value>0x21f5</value>
         <object_component_ref idref="oc-e3"/>
      </symbol>
      <symbol id="sm-1f8">
         <name>I2CSlaveIntDisableEx</name>
         <value>0x22a9</value>
         <object_component_ref idref="oc-e3"/>
      </symbol>
      <symbol id="sm-1f9">
         <name>I2CMasterInitExpClk</name>
         <value>0x20a5</value>
         <object_component_ref idref="oc-e3"/>
      </symbol>
      <symbol id="sm-1fa">
         <name>I2CSlaveIntEnableEx</name>
         <value>0x224f</value>
         <object_component_ref idref="oc-e3"/>
      </symbol>
      <symbol id="sm-1fb">
         <name>I2CSlaveIntClearEx</name>
         <value>0x23cb</value>
         <object_component_ref idref="oc-e3"/>
      </symbol>
      <symbol id="sm-1fc">
         <name>I2CSlaveDisable</name>
         <value>0x21b9</value>
         <object_component_ref idref="oc-e3"/>
      </symbol>
      <symbol id="sm-1fd">
         <name>I2CMasterIntEnable</name>
         <value>0x220f</value>
         <object_component_ref idref="oc-e3"/>
      </symbol>
      <symbol id="sm-1fe">
         <name>I2CSlaveDataGet</name>
         <value>0x253f</value>
         <object_component_ref idref="oc-e3"/>
      </symbol>
      <symbol id="sm-1ff">
         <name>I2CSlaveEnable</name>
         <value>0x2185</value>
         <object_component_ref idref="oc-e3"/>
      </symbol>
      <symbol id="sm-200">
         <name>I2CMasterIntClearEx</name>
         <value>0x239f</value>
         <object_component_ref idref="oc-e3"/>
      </symbol>
      <symbol id="sm-201">
         <name>I2CMasterSlaveAddrSet</name>
         <value>0x23df</value>
         <object_component_ref idref="oc-e3"/>
      </symbol>
      <symbol id="sm-202">
         <name>I2CMasterDataGet</name>
         <value>0x2493</value>
         <object_component_ref idref="oc-e3"/>
      </symbol>
      <symbol id="sm-203">
         <name>I2CSlaveIntStatus</name>
         <value>0x2321</value>
         <object_component_ref idref="oc-e3"/>
      </symbol>
      <symbol id="sm-204">
         <name>I2CSlaveDataPut</name>
         <value>0x2527</value>
         <object_component_ref idref="oc-e3"/>
      </symbol>
      <symbol id="sm-205">
         <name>I2CSlaveStatus</name>
         <value>0x2517</value>
         <object_component_ref idref="oc-e3"/>
      </symbol>
      <symbol id="sm-206">
         <name>I2CMasterIntEnableEx</name>
         <value>0x221f</value>
         <object_component_ref idref="oc-e3"/>
      </symbol>
      <symbol id="sm-207">
         <name>I2CMasterErr</name>
         <value>0x2451</value>
         <object_component_ref idref="oc-e3"/>
      </symbol>
      <symbol id="sm-208">
         <name>I2CMasterTimeoutSet</name>
         <value>0x24a1</value>
         <object_component_ref idref="oc-e3"/>
      </symbol>
      <symbol id="sm-209">
         <name>I2CMasterControl</name>
         <value>0x243f</value>
         <object_component_ref idref="oc-e3"/>
      </symbol>
      <symbol id="sm-20a">
         <name>I2CSlaveACKValueSet</name>
         <value>0x24e5</value>
         <object_component_ref idref="oc-e3"/>
      </symbol>
      <symbol id="sm-20b">
         <name>I2CSlaveIntStatusEx</name>
         <value>0x235f</value>
         <object_component_ref idref="oc-e3"/>
      </symbol>
      <symbol id="sm-20c">
         <name>I2CMasterLineStateGet</name>
         <value>0x2401</value>
         <object_component_ref idref="oc-e3"/>
      </symbol>
      <symbol id="sm-20d">
         <name>I2CMasterBusy</name>
         <value>0x240f</value>
         <object_component_ref idref="oc-e3"/>
      </symbol>
      <symbol id="sm-20e">
         <name>I2CSlaveAddressSet</name>
         <value>0x2131</value>
         <object_component_ref idref="oc-e3"/>
      </symbol>
      <symbol id="sm-20f">
         <name>I2CMasterEnable</name>
         <value>0x216f</value>
         <object_component_ref idref="oc-e3"/>
      </symbol>
      <symbol id="sm-210">
         <name>I2CMasterIntStatusEx</name>
         <value>0x22fd</value>
         <object_component_ref idref="oc-e3"/>
      </symbol>
      <symbol id="sm-211">
         <name>I2CSlaveInit</name>
         <value>0x2117</value>
         <object_component_ref idref="oc-e3"/>
      </symbol>
      <symbol id="sm-212">
         <name>I2CMasterIntClear</name>
         <value>0x2389</value>
         <object_component_ref idref="oc-e3"/>
      </symbol>
      <symbol id="sm-213">
         <name>I2CMasterDisable</name>
         <value>0x21a3</value>
         <object_component_ref idref="oc-e3"/>
      </symbol>
      <symbol id="sm-290">
         <name>IntPendClear</name>
         <value>0x2879</value>
         <object_component_ref idref="oc-7d"/>
      </symbol>
      <symbol id="sm-291">
         <name>IntPriorityGroupingGet</name>
         <value>0x25f3</value>
         <object_component_ref idref="oc-7d"/>
      </symbol>
      <symbol id="sm-292">
         <name>IntPrioritySet</name>
         <value>0x262b</value>
         <object_component_ref idref="oc-7d"/>
      </symbol>
      <symbol id="sm-293">
         <name>IntIsEnabled</name>
         <value>0x2783</value>
         <object_component_ref idref="oc-7d"/>
      </symbol>
      <symbol id="sm-294">
         <name>IntEnable</name>
         <value>0x269f</value>
         <object_component_ref idref="oc-7d"/>
      </symbol>
      <symbol id="sm-295">
         <name>IntTrigger</name>
         <value>0x28db</value>
         <object_component_ref idref="oc-7d"/>
      </symbol>
      <symbol id="sm-296">
         <name>IntPriorityMaskSet</name>
         <value>0x28c7</value>
         <object_component_ref idref="oc-7d"/>
      </symbol>
      <symbol id="sm-297">
         <name>IntPriorityGroupingSet</name>
         <value>0x25d9</value>
         <object_component_ref idref="oc-7d"/>
      </symbol>
      <symbol id="sm-298">
         <name>IntDisable</name>
         <value>0x2711</value>
         <object_component_ref idref="oc-7d"/>
      </symbol>
      <symbol id="sm-299">
         <name>IntRegister</name>
         <value>0x2573</value>
         <object_component_ref idref="oc-7d"/>
      </symbol>
      <symbol id="sm-29a">
         <name>IntPriorityGet</name>
         <value>0x267b</value>
         <object_component_ref idref="oc-7d"/>
      </symbol>
      <symbol id="sm-29b">
         <name>IntMasterDisable</name>
         <value>0x2563</value>
         <object_component_ref idref="oc-7d"/>
      </symbol>
      <symbol id="sm-29c">
         <name>IntUnregister</name>
         <value>0x25c5</value>
         <object_component_ref idref="oc-7d"/>
      </symbol>
      <symbol id="sm-29d">
         <name>IntPriorityMaskGet</name>
         <value>0x28d3</value>
         <object_component_ref idref="oc-7d"/>
      </symbol>
      <symbol id="sm-29e">
         <name>g_pfnRAMVectors</name>
         <value>0x20000000</value>
         <object_component_ref idref="oc-107"/>
      </symbol>
      <symbol id="sm-29f">
         <name>IntMasterEnable</name>
         <value>0x2553</value>
         <object_component_ref idref="oc-7d"/>
      </symbol>
      <symbol id="sm-2a0">
         <name>IntPendSet</name>
         <value>0x2809</value>
         <object_component_ref idref="oc-7d"/>
      </symbol>
      <symbol id="sm-341">
         <name>SysCtlGPIOAHBEnable</name>
         <value>0x1fd3</value>
         <object_component_ref idref="oc-83"/>
      </symbol>
      <symbol id="sm-342">
         <name>SysCtlIntRegister</name>
         <value>0x1ac7</value>
         <object_component_ref idref="oc-83"/>
      </symbol>
      <symbol id="sm-343">
         <name>SysCtlFlashSizeGet</name>
         <value>0x17a7</value>
         <object_component_ref idref="oc-83"/>
      </symbol>
      <symbol id="sm-344">
         <name>SysCtlPeripheralDeepSleepEnable</name>
         <value>0x1a27</value>
         <object_component_ref idref="oc-83"/>
      </symbol>
      <symbol id="sm-345">
         <name>SysCtlIntDisable</name>
         <value>0x1b0d</value>
         <object_component_ref idref="oc-83"/>
      </symbol>
      <symbol id="sm-346">
         <name>SysCtlPeripheralPresent</name>
         <value>0x17b7</value>
         <object_component_ref idref="oc-83"/>
      </symbol>
      <symbol id="sm-347">
         <name>SysCtlADCSpeedGet</name>
         <value>0x1fc9</value>
         <object_component_ref idref="oc-83"/>
      </symbol>
      <symbol id="sm-348">
         <name>SysCtlDeepSleepClockSet</name>
         <value>0x1f55</value>
         <object_component_ref idref="oc-83"/>
      </symbol>
      <symbol id="sm-349">
         <name>SysCtlClockSet</name>
         <value>0x1c11</value>
         <object_component_ref idref="oc-83"/>
      </symbol>
      <symbol id="sm-34a">
         <name>SysCtlPeripheralClockGating</name>
         <value>0x1a9f</value>
         <object_component_ref idref="oc-83"/>
      </symbol>
      <symbol id="sm-34b">
         <name>SysCtlIntStatus</name>
         <value>0x1b35</value>
         <object_component_ref idref="oc-83"/>
      </symbol>
      <symbol id="sm-34c">
         <name>SysCtlIntClear</name>
         <value>0x1b21</value>
         <object_component_ref idref="oc-83"/>
      </symbol>
      <symbol id="sm-34d">
         <name>SysCtlResetCauseGet</name>
         <value>0x1b81</value>
         <object_component_ref idref="oc-83"/>
      </symbol>
      <symbol id="sm-34e">
         <name>SysCtlSleep</name>
         <value>0x1b59</value>
         <object_component_ref idref="oc-83"/>
      </symbol>
      <symbol id="sm-34f">
         <name>SysCtlPWMClockGet</name>
         <value>0x1f89</value>
         <object_component_ref idref="oc-83"/>
      </symbol>
      <symbol id="sm-350">
         <name>SysCtlDelay</name>
         <value>0x3127</value>
         <object_component_ref idref="oc-89"/>
      </symbol>
      <symbol id="sm-351">
         <name>SysCtlMOSCConfigSet</name>
         <value>0x1b9b</value>
         <object_component_ref idref="oc-83"/>
      </symbol>
      <symbol id="sm-352">
         <name>SysCtlPeripheralEnable</name>
         <value>0x1937</value>
         <object_component_ref idref="oc-83"/>
      </symbol>
      <symbol id="sm-353">
         <name>SysCtlIntEnable</name>
         <value>0x1af9</value>
         <object_component_ref idref="oc-83"/>
      </symbol>
      <symbol id="sm-354">
         <name>SysCtlPeripheralPowerOff</name>
         <value>0x1873</value>
         <object_component_ref idref="oc-83"/>
      </symbol>
      <symbol id="sm-355">
         <name>SysCtlDeepSleep</name>
         <value>0x1b65</value>
         <object_component_ref idref="oc-83"/>
      </symbol>
      <symbol id="sm-356">
         <name>SysCtlPeripheralPowerOn</name>
         <value>0x1837</value>
         <object_component_ref idref="oc-83"/>
      </symbol>
      <symbol id="sm-357">
         <name>SysCtlPeripheralDeepSleepDisable</name>
         <value>0x1a63</value>
         <object_component_ref idref="oc-83"/>
      </symbol>
      <symbol id="sm-358">
         <name>SysCtlPeripheralSleepDisable</name>
         <value>0x19eb</value>
         <object_component_ref idref="oc-83"/>
      </symbol>
      <symbol id="sm-359">
         <name>SysCtlReset</name>
         <value>0x1b51</value>
         <object_component_ref idref="oc-83"/>
      </symbol>
      <symbol id="sm-35a">
         <name>SysCtlGPIOAHBDisable</name>
         <value>0x1fef</value>
         <object_component_ref idref="oc-83"/>
      </symbol>
      <symbol id="sm-35b">
         <name>SysCtlADCSpeedSet</name>
         <value>0x1f9f</value>
         <object_component_ref idref="oc-83"/>
      </symbol>
      <symbol id="sm-35c">
         <name>SysCtlSRAMSizeGet</name>
         <value>0x179d</value>
         <object_component_ref idref="oc-83"/>
      </symbol>
      <symbol id="sm-35d">
         <name>SysCtlClockGet</name>
         <value>0x1e0d</value>
         <object_component_ref idref="oc-83"/>
      </symbol>
      <symbol id="sm-35e">
         <name>SysCtlPeripheralDisable</name>
         <value>0x1973</value>
         <object_component_ref idref="oc-83"/>
      </symbol>
      <symbol id="sm-35f">
         <name>SysCtlPWMClockSet</name>
         <value>0x1f65</value>
         <object_component_ref idref="oc-83"/>
      </symbol>
      <symbol id="sm-360">
         <name>SysCtlUSBPLLEnable</name>
         <value>0x200b</value>
         <object_component_ref idref="oc-83"/>
      </symbol>
      <symbol id="sm-361">
         <name>SysCtlPeripheralSleepEnable</name>
         <value>0x19af</value>
         <object_component_ref idref="oc-83"/>
      </symbol>
      <symbol id="sm-362">
         <name>SysCtlIntUnregister</name>
         <value>0x1ae5</value>
         <object_component_ref idref="oc-83"/>
      </symbol>
      <symbol id="sm-363">
         <name>SysCtlUSBPLLDisable</name>
         <value>0x2017</value>
         <object_component_ref idref="oc-83"/>
      </symbol>
      <symbol id="sm-364">
         <name>SysCtlPeripheralReady</name>
         <value>0x17f7</value>
         <object_component_ref idref="oc-83"/>
      </symbol>
      <symbol id="sm-365">
         <name>SysCtlPIOSCCalibrate</name>
         <value>0x1bb1</value>
         <object_component_ref idref="oc-83"/>
      </symbol>
      <symbol id="sm-366">
         <name>SysCtlResetCauseClear</name>
         <value>0x1b87</value>
         <object_component_ref idref="oc-83"/>
      </symbol>
      <symbol id="sm-367">
         <name>SysCtlPeripheralReset</name>
         <value>0x18af</value>
         <object_component_ref idref="oc-83"/>
      </symbol>
      <symbol id="sm-416">
         <name>I2CMWrite8</name>
         <value>0xc55</value>
         <object_component_ref idref="oc-71"/>
      </symbol>
      <symbol id="sm-417">
         <name>I2CMRead16BE</name>
         <value>0xd21</value>
         <object_component_ref idref="oc-71"/>
      </symbol>
      <symbol id="sm-418">
         <name>I2CMWrite16BE</name>
         <value>0xde7</value>
         <object_component_ref idref="oc-71"/>
      </symbol>
      <symbol id="sm-419">
         <name>I2CMCommand</name>
         <value>0x85d</value>
         <object_component_ref idref="oc-71"/>
      </symbol>
      <symbol id="sm-41a">
         <name>I2CMReadModifyWrite16LE</name>
         <value>0xb47</value>
         <object_component_ref idref="oc-71"/>
      </symbol>
      <symbol id="sm-41b">
         <name>I2CMInit</name>
         <value>0x807</value>
         <object_component_ref idref="oc-71"/>
      </symbol>
      <symbol id="sm-41c">
         <name>I2CMReadModifyWrite8</name>
         <value>0x9ff</value>
         <object_component_ref idref="oc-71"/>
      </symbol>
      <symbol id="sm-41d">
         <name>I2CMTransferResume</name>
         <value>0x929</value>
         <object_component_ref idref="oc-71"/>
      </symbol>
      <symbol id="sm-41e">
         <name>I2CMIntHandler</name>
         <value>0x6e9</value>
         <object_component_ref idref="oc-71"/>
      </symbol>
      <symbol id="sm-463">
         <name>ISL29023DataLightIRGetFloat</name>
         <value>0x2c85</value>
         <object_component_ref idref="oc-8a"/>
      </symbol>
      <symbol id="sm-464">
         <name>g_fBetaLookup</name>
         <value>0x3414</value>
         <object_component_ref idref="oc-12a"/>
      </symbol>
      <symbol id="sm-465">
         <name>ISL29023DataLightIRGetRaw</name>
         <value>0x2c63</value>
         <object_component_ref idref="oc-8a"/>
      </symbol>
      <symbol id="sm-466">
         <name>g_fRangeLookup</name>
         <value>0x3424</value>
         <object_component_ref idref="oc-124"/>
      </symbol>
      <symbol id="sm-467">
         <name>ISL29023DataRead</name>
         <value>0x2b93</value>
         <object_component_ref idref="oc-8a"/>
      </symbol>
      <symbol id="sm-468">
         <name>g_fResolutionLookup</name>
         <value>0x3434</value>
         <object_component_ref idref="oc-127"/>
      </symbol>
      <symbol id="sm-469">
         <name>ISL29023DataLightVisibleGetRaw</name>
         <value>0x2bf7</value>
         <object_component_ref idref="oc-8a"/>
      </symbol>
      <symbol id="sm-46a">
         <name>ISL29023DataLightVisibleGetFloat</name>
         <value>0x2c13</value>
         <object_component_ref idref="oc-8a"/>
      </symbol>
      <symbol id="sm-46b">
         <name>ISL29023ReadModifyWrite</name>
         <value>0x2b2d</value>
         <object_component_ref idref="oc-8a"/>
      </symbol>
      <symbol id="sm-46c">
         <name>ISL29023Read</name>
         <value>0x2a37</value>
         <object_component_ref idref="oc-8a"/>
      </symbol>
      <symbol id="sm-46d">
         <name>ISL29023Write</name>
         <value>0x2a9d</value>
         <object_component_ref idref="oc-8a"/>
      </symbol>
      <symbol id="sm-46e">
         <name>ISL29023Init</name>
         <value>0x29b9</value>
         <object_component_ref idref="oc-8a"/>
      </symbol>
      <symbol id="sm-496">
         <name>ResetISR</name>
         <value>0x311b</value>
         <object_component_ref idref="oc-24"/>
      </symbol>
      <symbol id="sm-497">
         <name>g_pfnVectors</name>
         <value>0x0</value>
         <object_component_ref idref="oc-f"/>
      </symbol>
      <symbol id="sm-4cb">
         <name>__TI_zero_init_nomemset</name>
         <value>0x30fb</value>
         <object_component_ref idref="oc-4a"/>
      </symbol>
      <symbol id="sm-4e2">
         <name>__TI_decompress_none</name>
         <value>0x310d</value>
         <object_component_ref idref="oc-18"/>
      </symbol>
      <symbol id="sm-505">
         <name>__TI_decompress_lzss</name>
         <value>0x2ed1</value>
         <object_component_ref idref="oc-12"/>
      </symbol>
      <symbol id="sm-51a">
         <name>__stack</name>
         <value>0x20000270</value>
         <object_component_ref idref="oc-21"/>
      </symbol>
      <symbol id="sm-51b">
         <name>_c_int00_noargs</name>
         <value>0x3021</value>
         <object_component_ref idref="oc-5c"/>
      </symbol>
      <symbol id="sm-538">
         <name>memcpy</name>
         <value>0x2e35</value>
         <object_component_ref idref="oc-3e"/>
      </symbol>
      <symbol id="sm-539">
         <name>__aeabi_memcpy</name>
         <value>0x2e35</value>
         <object_component_ref idref="oc-3e"/>
      </symbol>
      <symbol id="sm-53a">
         <name>__aeabi_memcpy8</name>
         <value>0x2e35</value>
         <object_component_ref idref="oc-3e"/>
      </symbol>
      <symbol id="sm-53b">
         <name>__aeabi_memcpy4</name>
         <value>0x2e35</value>
         <object_component_ref idref="oc-3e"/>
      </symbol>
      <symbol id="sm-563">
         <name>__TI_auto_init_nobinit_nopinit</name>
         <value>0x2f9d</value>
         <object_component_ref idref="oc-167"/>
      </symbol>
      <symbol id="sm-56d">
         <name>_system_pre_init</name>
         <value>0x312d</value>
         <object_component_ref idref="oc-d1"/>
      </symbol>
      <symbol id="sm-579">
         <name>C$$EXIT</name>
         <value>0x3131</value>
         <object_component_ref idref="oc-15b"/>
      </symbol>
      <symbol id="sm-57a">
         <name>abort</name>
         <value>0x3131</value>
         <object_component_ref idref="oc-15b"/>
      </symbol>
      <symbol id="sm-57d">
         <name>__TI_static_base__</name>
         <value>0x0</value>
      </symbol>
      <symbol id="sm-580">
         <name>__mpu_init</name>
         <value>0x0</value>
      </symbol>
      <symbol id="sm-581">
         <name>_system_post_cinit</name>
         <value>0x0</value>
      </symbol>
   </symbol_table>
   <title>Link successful</title>
</link_info>
